[INFO] Scanning for projects...
[INFO] 
[INFO] ---------------------< ai-assistant:ai-assistant >----------------------
[INFO] Building ai-assistant 0.0.1-SNAPSHOT
[INFO]   from pom.xml
[INFO] --------------------------------[ jar ]---------------------------------
[INFO] 
[INFO] >>> spring-boot:4.1.1:run (default-cli) > test-compile @ ai-assistant >>>
[INFO] 
[INFO] --- resources:3.5.0:resources (default-resources) @ ai-assistant ---
[INFO] Copying 1 resource from src\main\resources to target\classes
[INFO] Copying 0 resource from src\main\resources to target\classes
[INFO] 
[INFO] --- compiler:3.15.0:compile (default-compile) @ ai-assistant ---
[INFO] Nothing to compile - all classes are up to date.
[INFO] 
[INFO] --- resources:3.5.0:testResources (default-testResources) @ ai-assistant ---
[INFO] skip non existing resourceDirectory C:\Users\monis\Projects\microservices\ai-assistant\src\test\resources
[INFO] 
[INFO] --- compiler:3.15.0:testCompile (default-testCompile) @ ai-assistant ---
[INFO] Nothing to compile - all classes are up to date.
[INFO] 
[INFO] <<< spring-boot:4.1.1:run (default-cli) < test-compile @ ai-assistant <<<
[INFO] 
[INFO] 
[INFO] --- spring-boot:4.1.1:run (default-cli) @ ai-assistant ---
[INFO] Attaching agents: []

  .   ____          _            __ _ _
 /\\ / ___'_ __ _ _(_)_ __  __ _ \ \ \ \
( ( )\___ | '_ | '_| | '_ \/ _` | \ \ \ \
 \\/  ___)| |_)| | | | | || (_| |  ) ) ) )
  '  |____| .__|_| |_|_| |_\__, | / / / /
 =========|_|==============|___/=/_/_/_/

 :: Spring Boot ::                (v4.1.1)

2026-09-16T23:52:17.102+05:30  INFO 35784 --- [ai-assistant] [           main] ai_assistant.AiAssistantApplication      : Starting AiAssistantApplication using Java 17.0.12 with PID 35784 (C:\Users\monis\Projects\microservices\ai-assistant\target\classes started by monis in C:\Users\monis\Projects\microservices\ai-assistant)
2026-09-16T23:52:17.148+05:30  INFO 35784 --- [ai-assistant] [           main] ai_assistant.AiAssistantApplication      : No active profile set, falling back to 1 default profile: "default"
2026-09-16T23:52:24.457+05:30  INFO 35784 --- [ai-assistant] [           main] o.s.cloud.context.scope.GenericScope     : BeanFactory id=de6ade2e-bacb-3345-9e5f-81745ee378d7
2026-09-16T23:52:27.026+05:30  INFO 35784 --- [ai-assistant] [           main] o.s.boot.tomcat.TomcatWebServer          : Tomcat initialized with port 8087 (http)
2026-09-16T23:52:27.084+05:30  INFO 35784 --- [ai-assistant] [           main] o.apache.catalina.core.StandardService   : Starting service [Tomcat]
2026-09-16T23:52:27.084+05:30  INFO 35784 --- [ai-assistant] [           main] o.apache.catalina.core.StandardEngine    : Starting Servlet engine: [Apache Tomcat/11.0.24]
2026-09-16T23:52:27.452+05:30  INFO 35784 --- [ai-assistant] [           main] b.w.c.s.WebApplicationContextInitializer : Root WebApplicationContext: initialization completed in 9891 ms
2026-09-16T23:52:30.729+05:30  INFO 35784 --- [ai-assistant] [           main] o.s.a.v.pgvector.PgVectorStore           : Using the vector table name: vector_store. Is empty: false
2026-09-16T23:52:30.742+05:30  INFO 35784 --- [ai-assistant] [           main] o.s.a.v.pgvector.PgVectorStore           : Initializing PGVectorStore schema for table: vector_store in schema: public
2026-09-16T23:52:30.743+05:30  INFO 35784 --- [ai-assistant] [           main] o.s.a.v.pgvector.PgVectorStore           : vectorTableValidationsEnabled false
2026-09-16T23:52:30.777+05:30  INFO 35784 --- [ai-assistant] [           main] com.zaxxer.hikari.HikariDataSource       : HikariPool-1 - Starting...
2026-09-16T23:52:32.081+05:30  INFO 35784 --- [ai-assistant] [           main] com.zaxxer.hikari.pool.HikariPool        : HikariPool-1 - Added connection org.postgresql.jdbc.PgConnection@2cd6e804
2026-09-16T23:52:32.087+05:30  INFO 35784 --- [ai-assistant] [           main] com.zaxxer.hikari.HikariDataSource       : HikariPool-1 - Start completed.
2026-09-16T23:52:35.487+05:30  INFO 35784 --- [ai-assistant] [           main] o.s.c.openfeign.FeignClientFactoryBean   : For 'SERVICE-OFFERING' URL not provided. Will try picking an instance via load-balancing.
2026-09-16T23:52:37.881+05:30  INFO 35784 --- [ai-assistant] [           main] DiscoveryClientOptionalArgsConfiguration : Eureka HTTP Client uses RestClient.
2026-09-16T23:52:37.986+05:30  WARN 35784 --- [ai-assistant] [           main] iguration$LoadBalancerCaffeineWarnLogger : Spring Cloud LoadBalancer is currently working with the default cache. While this cache implementation is useful for development and tests, it's recommended to use Caffeine cache in production.You can switch to using Caffeine cache, by adding it and org.springframework.cache.caffeine.CaffeineCacheManager to the classpath.
2026-09-16T23:52:38.104+05:30  INFO 35784 --- [ai-assistant] [           main] o.s.c.n.eureka.InstanceInfoFactory       : Setting initial instance status as: STARTING
2026-09-16T23:52:38.251+05:30  INFO 35784 --- [ai-assistant] [           main] com.netflix.discovery.DiscoveryClient    : Initializing Eureka in region us-east-1
2026-09-16T23:52:38.275+05:30  INFO 35784 --- [ai-assistant] [           main] c.n.d.s.r.aws.ConfigClusterResolver      : Resolving eureka endpoints via configuration
2026-09-16T23:52:38.335+05:30  INFO 35784 --- [ai-assistant] [           main] com.netflix.discovery.DiscoveryClient    : Disable delta property : false
2026-09-16T23:52:38.337+05:30  INFO 35784 --- [ai-assistant] [           main] com.netflix.discovery.DiscoveryClient    : Single vip registry refresh property : null
2026-09-16T23:52:38.337+05:30  INFO 35784 --- [ai-assistant] [           main] com.netflix.discovery.DiscoveryClient    : Force full registry fetch : false
2026-09-16T23:52:38.337+05:30  INFO 35784 --- [ai-assistant] [           main] com.netflix.discovery.DiscoveryClient    : Application is null : false
2026-09-16T23:52:38.337+05:30  INFO 35784 --- [ai-assistant] [           main] com.netflix.discovery.DiscoveryClient    : Registered Applications size is zero : true
2026-09-16T23:52:38.337+05:30  INFO 35784 --- [ai-assistant] [           main] com.netflix.discovery.DiscoveryClient    : Application version is -1: true
2026-09-16T23:52:38.338+05:30  INFO 35784 --- [ai-assistant] [           main] com.netflix.discovery.DiscoveryClient    : Getting all instance registry info from the eureka server
2026-09-16T23:52:39.919+05:30  INFO 35784 --- [ai-assistant] [           main] com.netflix.discovery.DiscoveryClient    : The response status is 200
2026-09-16T23:52:39.929+05:30  INFO 35784 --- [ai-assistant] [           main] com.netflix.discovery.DiscoveryClient    : Starting heartbeat executor: renew interval is: 30
2026-09-16T23:52:39.936+05:30  INFO 35784 --- [ai-assistant] [           main] c.n.discovery.InstanceInfoReplicator     : InstanceInfoReplicator onDemand update allowed rate per min is 4
2026-09-16T23:52:39.945+05:30  INFO 35784 --- [ai-assistant] [           main] com.netflix.discovery.DiscoveryClient    : Discovery Client initialized at timestamp 1789582959941 with initial instances count: 2
2026-09-16T23:52:39.955+05:30  INFO 35784 --- [ai-assistant] [           main] o.s.c.n.e.s.EurekaServiceRegistry        : Registering application AI-ASSISTANT with eureka with status UP
2026-09-16T23:52:39.957+05:30  INFO 35784 --- [ai-assistant] [           main] com.netflix.discovery.DiscoveryClient    : Saw local status change event StatusChangeEvent [timestamp=1789582959957, current=UP, previous=STARTING]
2026-09-16T23:52:39.998+05:30  INFO 35784 --- [ai-assistant] [foReplicator-%d] com.netflix.discovery.DiscoveryClient    : DiscoveryClient_AI-ASSISTANT/saumya:ai-assistant:8087: registering service...
2026-09-16T23:52:40.048+05:30  INFO 35784 --- [ai-assistant] [           main] o.s.boot.tomcat.TomcatWebServer          : Tomcat started on port 8087 (http) with context path '/'
2026-09-16T23:52:40.051+05:30  INFO 35784 --- [ai-assistant] [           main] .s.c.n.e.s.EurekaAutoServiceRegistration : Updating port to 8087
2026-09-16T23:52:40.205+05:30  INFO 35784 --- [ai-assistant] [foReplicator-%d] com.netflix.discovery.DiscoveryClient    : DiscoveryClient_AI-ASSISTANT/saumya:ai-assistant:8087 - registration status: 204
2026-09-16T23:52:40.602+05:30  INFO 35784 --- [ai-assistant] [           main] ai_assistant.AiAssistantApplication      : Started AiAssistantApplication in 28.38 seconds (process running for 33.145)
