[INFO] Scanning for projects...
[INFO] 
[INFO] --------------------------< com.booking:demo >--------------------------
[INFO] Building  0.0.1-SNAPSHOT
[INFO]   from pom.xml
[INFO] --------------------------------[ jar ]---------------------------------
[INFO] 
[INFO] >>> spring-boot:4.1.0:run (default-cli) > test-compile @ demo >>>
[INFO] 
[INFO] --- resources:3.5.0:resources (default-resources) @ demo ---
[INFO] Copying 1 resource from src\main\resources to target\classes
[INFO] Copying 0 resource from src\main\resources to target\classes
[INFO] 
[INFO] --- compiler:3.15.0:compile (default-compile) @ demo ---
[INFO] Nothing to compile - all classes are up to date.
[INFO] 
[INFO] --- resources:3.5.0:testResources (default-testResources) @ demo ---
[INFO] skip non existing resourceDirectory C:\Users\monis\Projects\microservices\booking-service\src\test\resources
[INFO] 
[INFO] --- compiler:3.15.0:testCompile (default-testCompile) @ demo ---
[INFO] Nothing to compile - all classes are up to date.
[INFO] 
[INFO] <<< spring-boot:4.1.0:run (default-cli) < test-compile @ demo <<<
[INFO] 
[INFO] 
[INFO] --- spring-boot:4.1.0:run (default-cli) @ demo ---
[INFO] Attaching agents: []

  .   ____          _            __ _ _
 /\\ / ___'_ __ _ _(_)_ __  __ _ \ \ \ \
( ( )\___ | '_ | '_| | '_ \/ _` | \ \ \ \
 \\/  ___)| |_)| | | | | || (_| |  ) ) ) )
  '  |____| .__|_| |_|_| |_\__, | / / / /
 =========|_|==============|___/=/_/_/_/

 :: Spring Boot ::                (v4.1.0)

2026-09-16T23:51:23.201+05:30  INFO 25336 --- [booking-service] [  restartedMain] com.booking.demo.DemoApplication         : Starting DemoApplication using Java 17.0.12 with PID 25336 (C:\Users\monis\Projects\microservices\booking-service\target\classes started by monis in C:\Users\monis\Projects\microservices\booking-service)
2026-09-16T23:51:23.211+05:30  INFO 25336 --- [booking-service] [  restartedMain] com.booking.demo.DemoApplication         : No active profile set, falling back to 1 default profile: "default"
2026-09-16T23:51:23.435+05:30  INFO 25336 --- [booking-service] [  restartedMain] .e.DevToolsPropertyDefaultsPostProcessor : Devtools property defaults active! Set 'spring.devtools.add-properties' to 'false' to disable
2026-09-16T23:51:23.435+05:30  INFO 25336 --- [booking-service] [  restartedMain] .e.DevToolsPropertyDefaultsPostProcessor : For additional web related logging consider setting the 'logging.level.web' property to 'DEBUG'
2026-09-16T23:51:28.239+05:30  INFO 25336 --- [booking-service] [  restartedMain] .s.d.r.c.RepositoryConfigurationDelegate : Bootstrapping Spring Data JPA repositories in DEFAULT mode.
2026-09-16T23:51:29.119+05:30  INFO 25336 --- [booking-service] [  restartedMain] .s.d.r.c.RepositoryConfigurationDelegate : Finished Spring Data repository scanning in 843 ms. Found 1 JPA repository interface.
2026-09-16T23:51:31.106+05:30  INFO 25336 --- [booking-service] [  restartedMain] o.s.cloud.context.scope.GenericScope     : BeanFactory id=214ec4b6-c738-305a-a5e9-28ad997ae65d
2026-09-16T23:51:35.519+05:30  INFO 25336 --- [booking-service] [  restartedMain] o.s.boot.tomcat.TomcatWebServer          : Tomcat initialized with port 8083 (http)
2026-09-16T23:51:35.626+05:30  INFO 25336 --- [booking-service] [  restartedMain] o.apache.catalina.core.StandardService   : Starting service [Tomcat]
2026-09-16T23:51:35.628+05:30  INFO 25336 --- [booking-service] [  restartedMain] o.apache.catalina.core.StandardEngine    : Starting Servlet engine: [Apache Tomcat/11.0.22]
2026-09-16T23:51:36.009+05:30  INFO 25336 --- [booking-service] [  restartedMain] b.w.c.s.WebApplicationContextInitializer : Root WebApplicationContext: initialization completed in 12569 ms
2026-09-16T23:51:36.895+05:30  INFO 25336 --- [booking-service] [  restartedMain] com.zaxxer.hikari.HikariDataSource       : HikariPool-1 - Starting...
2026-09-16T23:51:39.400+05:30  INFO 25336 --- [booking-service] [  restartedMain] com.zaxxer.hikari.pool.HikariPool        : HikariPool-1 - Added connection org.postgresql.jdbc.PgConnection@4b12928e
2026-09-16T23:51:39.405+05:30  INFO 25336 --- [booking-service] [  restartedMain] com.zaxxer.hikari.HikariDataSource       : HikariPool-1 - Start completed.
2026-09-16T23:51:39.554+05:30  INFO 25336 --- [booking-service] [  restartedMain] org.hibernate.orm.jpa                    : HHH008540: Processing PersistenceUnitInfo [name: default]
2026-09-16T23:51:39.830+05:30  INFO 25336 --- [booking-service] [  restartedMain] org.hibernate.orm.core                   : HHH000001: Hibernate ORM core version 7.4.1.Final
2026-09-16T23:51:42.084+05:30  INFO 25336 --- [booking-service] [  restartedMain] o.s.o.j.p.SpringPersistenceUnitInfo      : No LoadTimeWeaver setup: ignoring JPA class transformer
2026-09-16T23:51:42.616+05:30  INFO 25336 --- [booking-service] [  restartedMain] org.hibernate.orm.connections.pooling    : HHH10001005: Database info:
	Database JDBC URL [jdbc:postgresql://localhost:5432/booking-db]
	Database driver: PostgreSQL JDBC Driver
	Database dialect: PostgreSQLDialect
	Database version: 17.5
	Default catalog/schema: booking-db/public
	Autocommit mode: undefined/unknown
	Isolation level: READ_COMMITTED [default READ_COMMITTED]
	JDBC fetch size: none
	Pool: DataSourceConnectionProvider
	Minimum pool size: undefined/unknown
	Maximum pool size: undefined/unknown
2026-09-16T23:51:49.868+05:30  INFO 25336 --- [booking-service] [  restartedMain] org.hibernate.orm.core                   : HHH000489: No JTA platform available (set 'hibernate.transaction.jta.platform' to enable JTA platform integration)
2026-09-16T23:51:49.950+05:30  INFO 25336 --- [booking-service] [  restartedMain] j.LocalContainerEntityManagerFactoryBean : Initialized JPA EntityManagerFactory for persistence unit 'default'
2026-09-16T23:51:50.284+05:30  INFO 25336 --- [booking-service] [  restartedMain] o.s.d.j.r.query.QueryEnhancerFactories   : Hibernate is in classpath; If applicable, HQL parser will be used.
2026-09-16T23:51:51.236+05:30  WARN 25336 --- [booking-service] [  restartedMain] JpaBaseConfiguration$JpaWebConfiguration : spring.jpa.open-in-view is enabled by default. Therefore, database queries may be performed during view rendering. Explicitly configure spring.jpa.open-in-view to disable this warning
2026-09-16T23:51:52.601+05:30  INFO 25336 --- [booking-service] [  restartedMain] o.s.c.openfeign.FeignClientFactoryBean   : For 'salon-service' URL not provided. Will try picking an instance via load-balancing.
2026-09-16T23:51:52.838+05:30  INFO 25336 --- [booking-service] [  restartedMain] o.s.c.openfeign.FeignClientFactoryBean   : For 'user-service' URL not provided. Will try picking an instance via load-balancing.
2026-09-16T23:51:52.937+05:30  INFO 25336 --- [booking-service] [  restartedMain] o.s.c.openfeign.FeignClientFactoryBean   : For 'service-offering' URL not provided. Will try picking an instance via load-balancing.
2026-09-16T23:51:53.024+05:30  INFO 25336 --- [booking-service] [  restartedMain] o.s.c.openfeign.FeignClientFactoryBean   : For 'payment' URL not provided. Will try picking an instance via load-balancing.
2026-09-16T23:51:56.998+05:30  INFO 25336 --- [booking-service] [  restartedMain] DiscoveryClientOptionalArgsConfiguration : Eureka HTTP Client uses RestClient.
2026-09-16T23:51:57.082+05:30  WARN 25336 --- [booking-service] [  restartedMain] iguration$LoadBalancerCaffeineWarnLogger : Spring Cloud LoadBalancer is currently working with the default cache. While this cache implementation is useful for development and tests, it's recommended to use Caffeine cache in production.You can switch to using Caffeine cache, by adding it and org.springframework.cache.caffeine.CaffeineCacheManager to the classpath.
2026-09-16T23:51:57.389+05:30  INFO 25336 --- [booking-service] [  restartedMain] o.s.c.n.eureka.InstanceInfoFactory       : Setting initial instance status as: STARTING
2026-09-16T23:51:57.470+05:30  INFO 25336 --- [booking-service] [  restartedMain] com.netflix.discovery.DiscoveryClient    : Initializing Eureka in region us-east-1
2026-09-16T23:51:57.483+05:30  INFO 25336 --- [booking-service] [  restartedMain] c.n.d.s.r.aws.ConfigClusterResolver      : Resolving eureka endpoints via configuration
2026-09-16T23:51:57.518+05:30  INFO 25336 --- [booking-service] [  restartedMain] com.netflix.discovery.DiscoveryClient    : Disable delta property : false
2026-09-16T23:51:57.520+05:30  INFO 25336 --- [booking-service] [  restartedMain] com.netflix.discovery.DiscoveryClient    : Single vip registry refresh property : null
2026-09-16T23:51:57.520+05:30  INFO 25336 --- [booking-service] [  restartedMain] com.netflix.discovery.DiscoveryClient    : Force full registry fetch : false
2026-09-16T23:51:57.520+05:30  INFO 25336 --- [booking-service] [  restartedMain] com.netflix.discovery.DiscoveryClient    : Application is null : false
2026-09-16T23:51:57.520+05:30  INFO 25336 --- [booking-service] [  restartedMain] com.netflix.discovery.DiscoveryClient    : Registered Applications size is zero : true
2026-09-16T23:51:57.520+05:30  INFO 25336 --- [booking-service] [  restartedMain] com.netflix.discovery.DiscoveryClient    : Application version is -1: true
2026-09-16T23:51:57.520+05:30  INFO 25336 --- [booking-service] [  restartedMain] com.netflix.discovery.DiscoveryClient    : Getting all instance registry info from the eureka server
2026-09-16T23:51:59.090+05:30  INFO 25336 --- [booking-service] [  restartedMain] com.netflix.discovery.DiscoveryClient    : The response status is 200
2026-09-16T23:51:59.099+05:30  INFO 25336 --- [booking-service] [  restartedMain] com.netflix.discovery.DiscoveryClient    : Starting heartbeat executor: renew interval is: 30
2026-09-16T23:51:59.106+05:30  INFO 25336 --- [booking-service] [  restartedMain] c.n.discovery.InstanceInfoReplicator     : InstanceInfoReplicator onDemand update allowed rate per min is 4
2026-09-16T23:51:59.111+05:30  INFO 25336 --- [booking-service] [  restartedMain] com.netflix.discovery.DiscoveryClient    : Discovery Client initialized at timestamp 1789582919108 with initial instances count: 2
2026-09-16T23:51:59.124+05:30  INFO 25336 --- [booking-service] [  restartedMain] o.s.c.n.e.s.EurekaServiceRegistry        : Registering application BOOKING-SERVICE with eureka with status UP
2026-09-16T23:51:59.125+05:30  INFO 25336 --- [booking-service] [  restartedMain] com.netflix.discovery.DiscoveryClient    : Saw local status change event StatusChangeEvent [timestamp=1789582919125, current=UP, previous=STARTING]
2026-09-16T23:51:59.148+05:30  INFO 25336 --- [booking-service] [foReplicator-%d] com.netflix.discovery.DiscoveryClient    : DiscoveryClient_BOOKING-SERVICE/saumya:booking-service:8083: registering service...
2026-09-16T23:51:59.169+05:30  INFO 25336 --- [booking-service] [  restartedMain] o.s.c.n.e.s.EurekaServiceRegistry        : Unregistering application BOOKING-SERVICE with eureka with status DOWN
2026-09-16T23:51:59.169+05:30  INFO 25336 --- [booking-service] [  restartedMain] com.netflix.discovery.DiscoveryClient    : Saw local status change event StatusChangeEvent [timestamp=1789582919169, current=DOWN, previous=UP]
2026-09-16T23:51:59.170+05:30  WARN 25336 --- [booking-service] [  restartedMain] ConfigServletWebServerApplicationContext : Exception encountered during context initialization - cancelling refresh attempt: org.springframework.context.ApplicationContextException: Failed to start bean 'webServerStartStop'
2026-09-16T23:51:59.185+05:30  INFO 25336 --- [booking-service] [  restartedMain] j.LocalContainerEntityManagerFactoryBean : Closing JPA EntityManagerFactory for persistence unit 'default'
2026-09-16T23:51:59.194+05:30  INFO 25336 --- [booking-service] [  restartedMain] com.zaxxer.hikari.HikariDataSource       : HikariPool-1 - Shutdown initiated...
2026-09-16T23:51:59.274+05:30  INFO 25336 --- [booking-service] [  restartedMain] com.zaxxer.hikari.HikariDataSource       : HikariPool-1 - Shutdown completed.
2026-09-16T23:51:59.277+05:30  INFO 25336 --- [booking-service] [  restartedMain] com.netflix.discovery.DiscoveryClient    : Shutting down DiscoveryClient ...
2026-09-16T23:51:59.471+05:30  INFO 25336 --- [booking-service] [foReplicator-%d] com.netflix.discovery.DiscoveryClient    : DiscoveryClient_BOOKING-SERVICE/saumya:booking-service:8083 - registration status: 204
2026-09-16T23:51:59.471+05:30  INFO 25336 --- [booking-service] [foReplicator-%d] com.netflix.discovery.DiscoveryClient    : DiscoveryClient_BOOKING-SERVICE/saumya:booking-service:8083: registering service...
2026-09-16T23:52:00.078+05:30  INFO 25336 --- [booking-service] [foReplicator-%d] com.netflix.discovery.DiscoveryClient    : DiscoveryClient_BOOKING-SERVICE/saumya:booking-service:8083 - registration status: 204
2026-09-16T23:52:00.080+05:30  INFO 25336 --- [booking-service] [  restartedMain] com.netflix.discovery.DiscoveryClient    : Unregistering ...
2026-09-16T23:52:00.395+05:30  INFO 25336 --- [booking-service] [  restartedMain] com.netflix.discovery.DiscoveryClient    : DiscoveryClient_BOOKING-SERVICE/saumya:booking-service:8083 - deregister  status: 200
2026-09-16T23:52:00.396+05:30  INFO 25336 --- [booking-service] [  restartedMain] com.netflix.discovery.DiscoveryClient    : Completed shut down of DiscoveryClient
2026-09-16T23:52:00.450+05:30  INFO 25336 --- [booking-service] [  restartedMain] .s.b.a.l.ConditionEvaluationReportLogger : 

Error starting ApplicationContext. To display the condition evaluation report re-run your application with 'debug' enabled.
2026-09-16T23:52:00.553+05:30 ERROR 25336 --- [booking-service] [  restartedMain] o.s.b.d.LoggingFailureAnalysisReporter   : 

***************************
APPLICATION FAILED TO START
***************************

Description:

Web server failed to start. Port 8083 was already in use.

Action:

Identify and stop the process that's listening on port 8083 or configure this application to listen on another port.

[INFO] ------------------------------------------------------------------------
[INFO] BUILD SUCCESS
[INFO] ------------------------------------------------------------------------
[INFO] Total time:  01:32 min
[INFO] Finished at: 2026-09-16T23:52:00+05:30
[INFO] ------------------------------------------------------------------------
