[INFO] Scanning for projects...
[INFO] 
[INFO] --------------------< com.example:category-service >--------------------
[INFO] Building  0.0.1-SNAPSHOT
[INFO]   from pom.xml
[INFO] --------------------------------[ jar ]---------------------------------
[INFO] 
[INFO] >>> spring-boot:4.1.0:run (default-cli) > test-compile @ category-service >>>
[INFO] 
[INFO] --- resources:3.5.0:resources (default-resources) @ category-service ---
[INFO] Copying 1 resource from src\main\resources to target\classes
[INFO] Copying 0 resource from src\main\resources to target\classes
[INFO] 
[INFO] --- compiler:3.15.0:compile (default-compile) @ category-service ---
[INFO] Recompiling the module because of changed source code.
[INFO] Compiling 13 source files with javac [debug parameters release 17] to target\classes
[INFO] 
[INFO] --- resources:3.5.0:testResources (default-testResources) @ category-service ---
[INFO] skip non existing resourceDirectory C:\Users\monis\Projects\microservices\category-service\src\test\resources
[INFO] 
[INFO] --- compiler:3.15.0:testCompile (default-testCompile) @ category-service ---
[INFO] Recompiling the module because of changed dependency.
[INFO] Compiling 1 source file with javac [debug parameters release 17] to target\test-classes
[INFO] 
[INFO] <<< spring-boot:4.1.0:run (default-cli) < test-compile @ category-service <<<
[INFO] 
[INFO] 
[INFO] --- spring-boot:4.1.0:run (default-cli) @ category-service ---
[INFO] Attaching agents: []

  .   ____          _            __ _ _
 /\\ / ___'_ __ _ _(_)_ __  __ _ \ \ \ \
( ( )\___ | '_ | '_| | '_ \/ _` | \ \ \ \
 \\/  ___)| |_)| | | | | || (_| |  ) ) ) )
  '  |____| .__|_| |_|_| |_\__, | / / / /
 =========|_|==============|___/=/_/_/_/

 :: Spring Boot ::                (v4.1.0)

2026-09-16T23:51:43.120+05:30  INFO 38016 --- [category-service] [  restartedMain] c.category.CategoryServiceApplication    : Starting CategoryServiceApplication using Java 17.0.12 with PID 38016 (C:\Users\monis\Projects\microservices\category-service\target\classes started by monis in C:\Users\monis\Projects\microservices\category-service)
2026-09-16T23:51:43.135+05:30  INFO 38016 --- [category-service] [  restartedMain] c.category.CategoryServiceApplication    : No active profile set, falling back to 1 default profile: "default"
2026-09-16T23:51:43.428+05:30  INFO 38016 --- [category-service] [  restartedMain] .e.DevToolsPropertyDefaultsPostProcessor : Devtools property defaults active! Set 'spring.devtools.add-properties' to 'false' to disable
2026-09-16T23:51:43.428+05:30  INFO 38016 --- [category-service] [  restartedMain] .e.DevToolsPropertyDefaultsPostProcessor : For additional web related logging consider setting the 'logging.level.web' property to 'DEBUG'
2026-09-16T23:51:50.772+05:30  INFO 38016 --- [category-service] [  restartedMain] .s.d.r.c.RepositoryConfigurationDelegate : Bootstrapping Spring Data JPA repositories in DEFAULT mode.
2026-09-16T23:51:51.639+05:30  INFO 38016 --- [category-service] [  restartedMain] .s.d.r.c.RepositoryConfigurationDelegate : Finished Spring Data repository scanning in 834 ms. Found 1 JPA repository interface.
2026-09-16T23:51:52.986+05:30  INFO 38016 --- [category-service] [  restartedMain] o.s.cloud.context.scope.GenericScope     : BeanFactory id=ea332e61-f846-37ef-b408-c8572967659d
2026-09-16T23:51:57.096+05:30  INFO 38016 --- [category-service] [  restartedMain] o.s.boot.tomcat.TomcatWebServer          : Tomcat initialized with port 8082 (http)
2026-09-16T23:51:57.168+05:30  INFO 38016 --- [category-service] [  restartedMain] o.apache.catalina.core.StandardService   : Starting service [Tomcat]
2026-09-16T23:51:57.170+05:30  INFO 38016 --- [category-service] [  restartedMain] o.apache.catalina.core.StandardEngine    : Starting Servlet engine: [Apache Tomcat/11.0.22]
2026-09-16T23:51:57.670+05:30  INFO 38016 --- [category-service] [  restartedMain] b.w.c.s.WebApplicationContextInitializer : Root WebApplicationContext: initialization completed in 14235 ms
2026-09-16T23:51:59.066+05:30  INFO 38016 --- [category-service] [  restartedMain] org.hibernate.orm.jpa                    : HHH008540: Processing PersistenceUnitInfo [name: default]
2026-09-16T23:52:00.927+05:30  INFO 38016 --- [category-service] [  restartedMain] org.hibernate.orm.core                   : HHH000001: Hibernate ORM core version 7.4.1.Final
2026-09-16T23:52:03.873+05:30  INFO 38016 --- [category-service] [  restartedMain] o.s.o.j.p.SpringPersistenceUnitInfo      : No LoadTimeWeaver setup: ignoring JPA class transformer
2026-09-16T23:52:04.171+05:30  INFO 38016 --- [category-service] [  restartedMain] com.zaxxer.hikari.HikariDataSource       : HikariPool-1 - Starting...
2026-09-16T23:52:05.299+05:30  INFO 38016 --- [category-service] [  restartedMain] com.zaxxer.hikari.pool.HikariPool        : HikariPool-1 - Added connection org.postgresql.jdbc.PgConnection@24cafb6e
2026-09-16T23:52:05.305+05:30  INFO 38016 --- [category-service] [  restartedMain] com.zaxxer.hikari.HikariDataSource       : HikariPool-1 - Start completed.
2026-09-16T23:52:05.667+05:30  INFO 38016 --- [category-service] [  restartedMain] org.hibernate.orm.connections.pooling    : HHH10001005: Database info:
	Database JDBC URL [jdbc:postgresql://localhost:5432/salon-db]
	Database driver: PostgreSQL JDBC Driver
	Database dialect: PostgreSQLDialect
	Database version: 17.5
	Default catalog/schema: salon-db/public
	Autocommit mode: undefined/unknown
	Isolation level: READ_COMMITTED [default READ_COMMITTED]
	JDBC fetch size: none
	Pool: DataSourceConnectionProvider
	Minimum pool size: undefined/unknown
	Maximum pool size: undefined/unknown
2026-09-16T23:52:11.173+05:30  INFO 38016 --- [category-service] [  restartedMain] org.hibernate.orm.core                   : HHH000489: No JTA platform available (set 'hibernate.transaction.jta.platform' to enable JTA platform integration)
2026-09-16T23:52:11.408+05:30  INFO 38016 --- [category-service] [  restartedMain] j.LocalContainerEntityManagerFactoryBean : Initialized JPA EntityManagerFactory for persistence unit 'default'
2026-09-16T23:52:11.908+05:30  INFO 38016 --- [category-service] [  restartedMain] o.s.d.j.r.query.QueryEnhancerFactories   : Hibernate is in classpath; If applicable, HQL parser will be used.
2026-09-16T23:52:13.203+05:30  WARN 38016 --- [category-service] [  restartedMain] JpaBaseConfiguration$JpaWebConfiguration : spring.jpa.open-in-view is enabled by default. Therefore, database queries may be performed during view rendering. Explicitly configure spring.jpa.open-in-view to disable this warning
2026-09-16T23:52:15.825+05:30  INFO 38016 --- [category-service] [  restartedMain] o.s.c.openfeign.FeignClientFactoryBean   : For 'salon-service' URL not provided. Will try picking an instance via load-balancing.
2026-09-16T23:52:16.171+05:30  INFO 38016 --- [category-service] [  restartedMain] o.s.c.openfeign.FeignClientFactoryBean   : For 'user-service' URL not provided. Will try picking an instance via load-balancing.
2026-09-16T23:52:20.751+05:30  INFO 38016 --- [category-service] [  restartedMain] DiscoveryClientOptionalArgsConfiguration : Eureka HTTP Client uses RestClient.
2026-09-16T23:52:20.935+05:30  WARN 38016 --- [category-service] [  restartedMain] iguration$LoadBalancerCaffeineWarnLogger : Spring Cloud LoadBalancer is currently working with the default cache. While this cache implementation is useful for development and tests, it's recommended to use Caffeine cache in production.You can switch to using Caffeine cache, by adding it and org.springframework.cache.caffeine.CaffeineCacheManager to the classpath.
2026-09-16T23:52:21.103+05:30  INFO 38016 --- [category-service] [  restartedMain] o.s.c.n.eureka.InstanceInfoFactory       : Setting initial instance status as: STARTING
2026-09-16T23:52:21.274+05:30  INFO 38016 --- [category-service] [  restartedMain] com.netflix.discovery.DiscoveryClient    : Initializing Eureka in region us-east-1
2026-09-16T23:52:21.303+05:30  INFO 38016 --- [category-service] [  restartedMain] c.n.d.s.r.aws.ConfigClusterResolver      : Resolving eureka endpoints via configuration
2026-09-16T23:52:21.333+05:30  INFO 38016 --- [category-service] [  restartedMain] com.netflix.discovery.DiscoveryClient    : Disable delta property : false
2026-09-16T23:52:21.333+05:30  INFO 38016 --- [category-service] [  restartedMain] com.netflix.discovery.DiscoveryClient    : Single vip registry refresh property : null
2026-09-16T23:52:21.333+05:30  INFO 38016 --- [category-service] [  restartedMain] com.netflix.discovery.DiscoveryClient    : Force full registry fetch : false
2026-09-16T23:52:21.333+05:30  INFO 38016 --- [category-service] [  restartedMain] com.netflix.discovery.DiscoveryClient    : Application is null : false
2026-09-16T23:52:21.335+05:30  INFO 38016 --- [category-service] [  restartedMain] com.netflix.discovery.DiscoveryClient    : Registered Applications size is zero : true
2026-09-16T23:52:21.335+05:30  INFO 38016 --- [category-service] [  restartedMain] com.netflix.discovery.DiscoveryClient    : Application version is -1: true
2026-09-16T23:52:21.335+05:30  INFO 38016 --- [category-service] [  restartedMain] com.netflix.discovery.DiscoveryClient    : Getting all instance registry info from the eureka server
2026-09-16T23:52:23.885+05:30  INFO 38016 --- [category-service] [  restartedMain] com.netflix.discovery.DiscoveryClient    : The response status is 200
2026-09-16T23:52:23.905+05:30  INFO 38016 --- [category-service] [  restartedMain] com.netflix.discovery.DiscoveryClient    : Starting heartbeat executor: renew interval is: 30
2026-09-16T23:52:23.910+05:30  INFO 38016 --- [category-service] [  restartedMain] c.n.discovery.InstanceInfoReplicator     : InstanceInfoReplicator onDemand update allowed rate per min is 4
2026-09-16T23:52:23.925+05:30  INFO 38016 --- [category-service] [  restartedMain] com.netflix.discovery.DiscoveryClient    : Discovery Client initialized at timestamp 1789582943921 with initial instances count: 2
2026-09-16T23:52:23.960+05:30  INFO 38016 --- [category-service] [  restartedMain] o.s.c.n.e.s.EurekaServiceRegistry        : Registering application CATEGORY-SERVICE with eureka with status UP
2026-09-16T23:52:23.966+05:30  INFO 38016 --- [category-service] [  restartedMain] com.netflix.discovery.DiscoveryClient    : Saw local status change event StatusChangeEvent [timestamp=1789582943966, current=UP, previous=STARTING]
2026-09-16T23:52:23.975+05:30  INFO 38016 --- [category-service] [foReplicator-%d] com.netflix.discovery.DiscoveryClient    : DiscoveryClient_CATEGORY-SERVICE/saumya:category-service:8082: registering service...
2026-09-16T23:52:24.016+05:30  INFO 38016 --- [category-service] [  restartedMain] o.s.c.n.e.s.EurekaServiceRegistry        : Unregistering application CATEGORY-SERVICE with eureka with status DOWN
2026-09-16T23:52:24.017+05:30  INFO 38016 --- [category-service] [  restartedMain] com.netflix.discovery.DiscoveryClient    : Saw local status change event StatusChangeEvent [timestamp=1789582944017, current=DOWN, previous=UP]
2026-09-16T23:52:24.024+05:30  WARN 38016 --- [category-service] [  restartedMain] ConfigServletWebServerApplicationContext : Exception encountered during context initialization - cancelling refresh attempt: org.springframework.context.ApplicationContextException: Failed to start bean 'webServerStartStop'
2026-09-16T23:52:24.043+05:30  INFO 38016 --- [category-service] [  restartedMain] j.LocalContainerEntityManagerFactoryBean : Closing JPA EntityManagerFactory for persistence unit 'default'
2026-09-16T23:52:24.056+05:30  INFO 38016 --- [category-service] [  restartedMain] com.zaxxer.hikari.HikariDataSource       : HikariPool-1 - Shutdown initiated...
2026-09-16T23:52:24.115+05:30  INFO 38016 --- [category-service] [  restartedMain] com.zaxxer.hikari.HikariDataSource       : HikariPool-1 - Shutdown completed.
2026-09-16T23:52:24.126+05:30  INFO 38016 --- [category-service] [  restartedMain] com.netflix.discovery.DiscoveryClient    : Shutting down DiscoveryClient ...
2026-09-16T23:52:24.313+05:30  INFO 38016 --- [category-service] [foReplicator-%d] com.netflix.discovery.DiscoveryClient    : DiscoveryClient_CATEGORY-SERVICE/saumya:category-service:8082 - registration status: 204
2026-09-16T23:52:24.314+05:30  INFO 38016 --- [category-service] [foReplicator-%d] com.netflix.discovery.DiscoveryClient    : DiscoveryClient_CATEGORY-SERVICE/saumya:category-service:8082: registering service...
2026-09-16T23:52:24.367+05:30  INFO 38016 --- [category-service] [foReplicator-%d] com.netflix.discovery.DiscoveryClient    : DiscoveryClient_CATEGORY-SERVICE/saumya:category-service:8082 - registration status: 204
2026-09-16T23:52:24.367+05:30  INFO 38016 --- [category-service] [  restartedMain] com.netflix.discovery.DiscoveryClient    : Unregistering ...
2026-09-16T23:52:24.424+05:30  INFO 38016 --- [category-service] [  restartedMain] com.netflix.discovery.DiscoveryClient    : DiscoveryClient_CATEGORY-SERVICE/saumya:category-service:8082 - deregister  status: 200
2026-09-16T23:52:24.426+05:30  INFO 38016 --- [category-service] [  restartedMain] com.netflix.discovery.DiscoveryClient    : Completed shut down of DiscoveryClient
2026-09-16T23:52:24.478+05:30  INFO 38016 --- [category-service] [  restartedMain] .s.b.a.l.ConditionEvaluationReportLogger : 

Error starting ApplicationContext. To display the condition evaluation report re-run your application with 'debug' enabled.
2026-09-16T23:52:24.556+05:30 ERROR 38016 --- [category-service] [  restartedMain] o.s.b.d.LoggingFailureAnalysisReporter   : 

***************************
APPLICATION FAILED TO START
***************************

Description:

Web server failed to start. Port 8082 was already in use.

Action:

Identify and stop the process that's listening on port 8082 or configure this application to listen on another port.

[INFO] ------------------------------------------------------------------------
[INFO] BUILD SUCCESS
[INFO] ------------------------------------------------------------------------
[INFO] Total time:  02:25 min
[INFO] Finished at: 2026-09-16T23:52:24+05:30
[INFO] ------------------------------------------------------------------------
