 Container aistdb Running 
 Container userdb Running 
 Container servicesdb Running 
 Container salondb Running 
 Container eurekaserver Running 
 Container gatewayserver Running 
 Container categoryservice Running 
 Container userservice Running 
 Container salonservice Running 
 Container bookingdb Running 
 Container paymentdb Running 
 Container bookingservice Running 
 Container paymentservice Running 
 Container serviceoffering Running 
 Container paymentdb Waiting 
 Container salondb Waiting 
 Container userdb Waiting 
 Container bookingdb Waiting 
 Container salondb Waiting 
 Container servicesdb Waiting 
 Container servicesdb Healthy 
 Container salondb Healthy 
 Container userdb Healthy 
 Container salondb Healthy 
 Container bookingdb Healthy 
 Container paymentdb Healthy 
