[INFO] Scanning for projects...
[INFO] 
[INFO] ---------------------< com.example:gateway-server >---------------------
[INFO] Building gateway-server 0.0.1-SNAPSHOT
[INFO]   from pom.xml
[INFO] --------------------------------[ jar ]---------------------------------
[INFO] 
[INFO] >>> spring-boot:4.1.0:run (default-cli) > test-compile @ gateway-server >>>
[INFO] 
[INFO] --- resources:3.5.0:resources (default-resources) @ gateway-server ---
[INFO] Copying 1 resource from src\main\resources to target\classes
[INFO] Copying 0 resource from src\main\resources to target\classes
[INFO] 
[INFO] --- compiler:3.15.0:compile (default-compile) @ gateway-server ---
[INFO] Nothing to compile - all classes are up to date.
[INFO] 
[INFO] --- resources:3.5.0:testResources (default-testResources) @ gateway-server ---
[INFO] skip non existing resourceDirectory C:\Users\monis\Projects\microservices\gateway-server\src\test\resources
[INFO] 
[INFO] --- compiler:3.15.0:testCompile (default-testCompile) @ gateway-server ---
[INFO] Nothing to compile - all classes are up to date.
[INFO] 
[INFO] <<< spring-boot:4.1.0:run (default-cli) < test-compile @ gateway-server <<<
[INFO] 
[INFO] 
[INFO] --- spring-boot:4.1.0:run (default-cli) @ gateway-server ---
[INFO] Attaching agents: []

  .   ____          _            __ _ _
 /\\ / ___'_ __ _ _(_)_ __  __ _ \ \ \ \
( ( )\___ | '_ | '_| | '_ \/ _` | \ \ \ \
 \\/  ___)| |_)| | | | | || (_| |  ) ) ) )
  '  |____| .__|_| |_|_| |_\__, | / / / /
 =========|_|==============|___/=/_/_/_/

 :: Spring Boot ::                (v4.1.0)

2026-09-16T23:53:12.324+05:30  INFO 26548 --- [gateway-server] [  restartedMain] c.e.gateway.GatewayServerApplication     : Starting GatewayServerApplication using Java 17.0.12 with PID 26548 (C:\Users\monis\Projects\microservices\gateway-server\target\classes started by monis in C:\Users\monis\Projects\microservices\gateway-server)
2026-09-16T23:53:12.336+05:30  INFO 26548 --- [gateway-server] [  restartedMain] c.e.gateway.GatewayServerApplication     : No active profile set, falling back to 1 default profile: "default"
2026-09-16T23:53:12.491+05:30  INFO 26548 --- [gateway-server] [  restartedMain] .e.DevToolsPropertyDefaultsPostProcessor : Devtools property defaults active! Set 'spring.devtools.add-properties' to 'false' to disable
2026-09-16T23:53:17.757+05:30  INFO 26548 --- [gateway-server] [  restartedMain] o.s.cloud.context.scope.GenericScope     : BeanFactory id=9f0df32c-56ca-39f8-8db7-d4c4e16efa89
2026-09-16T23:53:25.826+05:30  WARN 26548 --- [gateway-server] [  restartedMain] o.h.v.i.m.a.CascadingMetaDataBuilder     : HV000271: Using `@Valid` on a container (java.util.List) is deprecated. You should apply the annotation on the type argument(s). Affected element: routes
2026-09-16T23:53:28.231+05:30  INFO 26548 --- [gateway-server] [  restartedMain] o.s.c.g.r.RouteDefinitionRouteLocator    : Loaded RoutePredicateFactory [After]
2026-09-16T23:53:28.232+05:30  INFO 26548 --- [gateway-server] [  restartedMain] o.s.c.g.r.RouteDefinitionRouteLocator    : Loaded RoutePredicateFactory [Before]
2026-09-16T23:53:28.234+05:30  INFO 26548 --- [gateway-server] [  restartedMain] o.s.c.g.r.RouteDefinitionRouteLocator    : Loaded RoutePredicateFactory [Between]
2026-09-16T23:53:28.234+05:30  INFO 26548 --- [gateway-server] [  restartedMain] o.s.c.g.r.RouteDefinitionRouteLocator    : Loaded RoutePredicateFactory [Cookie]
2026-09-16T23:53:28.235+05:30  INFO 26548 --- [gateway-server] [  restartedMain] o.s.c.g.r.RouteDefinitionRouteLocator    : Loaded RoutePredicateFactory [Header]
2026-09-16T23:53:28.235+05:30  INFO 26548 --- [gateway-server] [  restartedMain] o.s.c.g.r.RouteDefinitionRouteLocator    : Loaded RoutePredicateFactory [Host]
2026-09-16T23:53:28.236+05:30  INFO 26548 --- [gateway-server] [  restartedMain] o.s.c.g.r.RouteDefinitionRouteLocator    : Loaded RoutePredicateFactory [Method]
2026-09-16T23:53:28.236+05:30  INFO 26548 --- [gateway-server] [  restartedMain] o.s.c.g.r.RouteDefinitionRouteLocator    : Loaded RoutePredicateFactory [Path]
2026-09-16T23:53:28.236+05:30  INFO 26548 --- [gateway-server] [  restartedMain] o.s.c.g.r.RouteDefinitionRouteLocator    : Loaded RoutePredicateFactory [Query]
2026-09-16T23:53:28.237+05:30  INFO 26548 --- [gateway-server] [  restartedMain] o.s.c.g.r.RouteDefinitionRouteLocator    : Loaded RoutePredicateFactory [ReadBody]
2026-09-16T23:53:28.237+05:30  INFO 26548 --- [gateway-server] [  restartedMain] o.s.c.g.r.RouteDefinitionRouteLocator    : Loaded RoutePredicateFactory [RemoteAddr]
2026-09-16T23:53:28.238+05:30  INFO 26548 --- [gateway-server] [  restartedMain] o.s.c.g.r.RouteDefinitionRouteLocator    : Loaded RoutePredicateFactory [Version]
2026-09-16T23:53:28.239+05:30  INFO 26548 --- [gateway-server] [  restartedMain] o.s.c.g.r.RouteDefinitionRouteLocator    : Loaded RoutePredicateFactory [XForwardedRemoteAddr]
2026-09-16T23:53:28.240+05:30  INFO 26548 --- [gateway-server] [  restartedMain] o.s.c.g.r.RouteDefinitionRouteLocator    : Loaded RoutePredicateFactory [Weight]
2026-09-16T23:53:28.240+05:30  INFO 26548 --- [gateway-server] [  restartedMain] o.s.c.g.r.RouteDefinitionRouteLocator    : Loaded RoutePredicateFactory [CloudFoundryRouteService]
2026-09-16T23:53:34.276+05:30  INFO 26548 --- [gateway-server] [  restartedMain] DiscoveryClientOptionalArgsConfiguration : Eureka HTTP Client uses RestClient.
2026-09-16T23:53:34.664+05:30  WARN 26548 --- [gateway-server] [  restartedMain] iguration$LoadBalancerCaffeineWarnLogger : Spring Cloud LoadBalancer is currently working with the default cache. While this cache implementation is useful for development and tests, it's recommended to use Caffeine cache in production.You can switch to using Caffeine cache, by adding it and org.springframework.cache.caffeine.CaffeineCacheManager to the classpath.
2026-09-16T23:53:34.750+05:30  INFO 26548 --- [gateway-server] [  restartedMain] o.s.c.n.eureka.InstanceInfoFactory       : Setting initial instance status as: STARTING
2026-09-16T23:53:34.827+05:30  INFO 26548 --- [gateway-server] [  restartedMain] com.netflix.discovery.DiscoveryClient    : Initializing Eureka in region us-east-1
2026-09-16T23:53:34.839+05:30  INFO 26548 --- [gateway-server] [  restartedMain] c.n.d.s.r.aws.ConfigClusterResolver      : Resolving eureka endpoints via configuration
2026-09-16T23:53:34.897+05:30  INFO 26548 --- [gateway-server] [  restartedMain] com.netflix.discovery.DiscoveryClient    : Disable delta property : false
2026-09-16T23:53:34.899+05:30  INFO 26548 --- [gateway-server] [  restartedMain] com.netflix.discovery.DiscoveryClient    : Single vip registry refresh property : null
2026-09-16T23:53:34.900+05:30  INFO 26548 --- [gateway-server] [  restartedMain] com.netflix.discovery.DiscoveryClient    : Force full registry fetch : false
2026-09-16T23:53:34.900+05:30  INFO 26548 --- [gateway-server] [  restartedMain] com.netflix.discovery.DiscoveryClient    : Application is null : false
2026-09-16T23:53:34.900+05:30  INFO 26548 --- [gateway-server] [  restartedMain] com.netflix.discovery.DiscoveryClient    : Registered Applications size is zero : true
2026-09-16T23:53:34.900+05:30  INFO 26548 --- [gateway-server] [  restartedMain] com.netflix.discovery.DiscoveryClient    : Application version is -1: true
2026-09-16T23:53:34.900+05:30  INFO 26548 --- [gateway-server] [  restartedMain] com.netflix.discovery.DiscoveryClient    : Getting all instance registry info from the eureka server
2026-09-16T23:53:36.448+05:30  INFO 26548 --- [gateway-server] [  restartedMain] com.netflix.discovery.DiscoveryClient    : The response status is 200
2026-09-16T23:53:36.463+05:30  INFO 26548 --- [gateway-server] [  restartedMain] com.netflix.discovery.DiscoveryClient    : Starting heartbeat executor: renew interval is: 30
2026-09-16T23:53:36.467+05:30  INFO 26548 --- [gateway-server] [  restartedMain] c.n.discovery.InstanceInfoReplicator     : InstanceInfoReplicator onDemand update allowed rate per min is 4
2026-09-16T23:53:36.492+05:30  INFO 26548 --- [gateway-server] [  restartedMain] com.netflix.discovery.DiscoveryClient    : Discovery Client initialized at timestamp 1789583016482 with initial instances count: 9
2026-09-16T23:53:36.504+05:30  INFO 26548 --- [gateway-server] [  restartedMain] o.s.c.n.e.s.EurekaServiceRegistry        : Registering application GATEWAY-SERVER with eureka with status UP
2026-09-16T23:53:36.506+05:30  INFO 26548 --- [gateway-server] [  restartedMain] com.netflix.discovery.DiscoveryClient    : Saw local status change event StatusChangeEvent [timestamp=1789583016506, current=UP, previous=STARTING]
2026-09-16T23:53:36.530+05:30  INFO 26548 --- [gateway-server] [foReplicator-%d] com.netflix.discovery.DiscoveryClient    : DiscoveryClient_GATEWAY-SERVER/saumya:gateway-server:8088: registering service...
2026-09-16T23:53:36.686+05:30  INFO 26548 --- [gateway-server] [foReplicator-%d] com.netflix.discovery.DiscoveryClient    : DiscoveryClient_GATEWAY-SERVER/saumya:gateway-server:8088 - registration status: 204
2026-09-16T23:53:37.305+05:30  INFO 26548 --- [gateway-server] [  restartedMain] o.s.c.n.e.s.EurekaServiceRegistry        : Unregistering application GATEWAY-SERVER with eureka with status DOWN
2026-09-16T23:53:37.305+05:30  INFO 26548 --- [gateway-server] [  restartedMain] com.netflix.discovery.DiscoveryClient    : Saw local status change event StatusChangeEvent [timestamp=1789583017305, current=DOWN, previous=UP]
2026-09-16T23:53:37.307+05:30  INFO 26548 --- [gateway-server] [foReplicator-%d] com.netflix.discovery.DiscoveryClient    : DiscoveryClient_GATEWAY-SERVER/saumya:gateway-server:8088: registering service...
2026-09-16T23:53:37.307+05:30  WARN 26548 --- [gateway-server] [  restartedMain] onfigReactiveWebServerApplicationContext : Exception encountered during context initialization - cancelling refresh attempt: org.springframework.context.ApplicationContextException: Failed to start bean 'webServerStartStop'
2026-09-16T23:53:37.317+05:30  INFO 26548 --- [gateway-server] [  restartedMain] com.netflix.discovery.DiscoveryClient    : Shutting down DiscoveryClient ...
2026-09-16T23:53:37.323+05:30  INFO 26548 --- [gateway-server] [foReplicator-%d] com.netflix.discovery.DiscoveryClient    : DiscoveryClient_GATEWAY-SERVER/saumya:gateway-server:8088 - registration status: 204
2026-09-16T23:53:37.324+05:30  INFO 26548 --- [gateway-server] [  restartedMain] com.netflix.discovery.DiscoveryClient    : Unregistering ...
2026-09-16T23:53:37.339+05:30  INFO 26548 --- [gateway-server] [  restartedMain] com.netflix.discovery.DiscoveryClient    : DiscoveryClient_GATEWAY-SERVER/saumya:gateway-server:8088 - deregister  status: 200
2026-09-16T23:53:37.340+05:30  INFO 26548 --- [gateway-server] [  restartedMain] com.netflix.discovery.DiscoveryClient    : Completed shut down of DiscoveryClient
2026-09-16T23:53:37.358+05:30  INFO 26548 --- [gateway-server] [  restartedMain] .s.b.a.l.ConditionEvaluationReportLogger : 

Error starting ApplicationContext. To display the condition evaluation report re-run your application with 'debug' enabled.
2026-09-16T23:53:37.408+05:30 ERROR 26548 --- [gateway-server] [  restartedMain] o.s.b.d.LoggingFailureAnalysisReporter   : 

***************************
APPLICATION FAILED TO START
***************************

Description:

Web server failed to start. Port 8088 was already in use.

Action:

Identify and stop the process that's listening on port 8088 or configure this application to listen on another port.

[INFO] ------------------------------------------------------------------------
[INFO] BUILD SUCCESS
[INFO] ------------------------------------------------------------------------
[INFO] Total time:  47.517 s
[INFO] Finished at: 2026-09-16T23:53:37+05:30
[INFO] ------------------------------------------------------------------------
