[INFO] Scanning for projects...
[INFO] 
[INFO] ------------------------< com.example:payment >-------------------------
[INFO] Building  0.0.1-SNAPSHOT
[INFO]   from pom.xml
[INFO] --------------------------------[ jar ]---------------------------------
[INFO] 
[INFO] >>> spring-boot:4.1.0:run (default-cli) > test-compile @ payment >>>
[INFO] 
[INFO] --- resources:3.5.0:resources (default-resources) @ payment ---
[INFO] Copying 1 resource from src\main\resources to target\classes
[INFO] Copying 0 resource from src\main\resources to target\classes
[INFO] 
[INFO] --- compiler:3.15.0:compile (default-compile) @ payment ---
[INFO] Nothing to compile - all classes are up to date.
[INFO] 
[INFO] --- resources:3.5.0:testResources (default-testResources) @ payment ---
[INFO] skip non existing resourceDirectory C:\Users\monis\Projects\microservices\payment\src\test\resources
[INFO] 
[INFO] --- compiler:3.15.0:testCompile (default-testCompile) @ payment ---
[INFO] Nothing to compile - all classes are up to date.
[INFO] 
[INFO] <<< spring-boot:4.1.0:run (default-cli) < test-compile @ payment <<<
[INFO] 
[INFO] 
[INFO] --- spring-boot:4.1.0:run (default-cli) @ payment ---
[INFO] Attaching agents: []

  .   ____          _            __ _ _
 /\\ / ___'_ __ _ _(_)_ __  __ _ \ \ \ \
( ( )\___ | '_ | '_| | '_ \/ _` | \ \ \ \
 \\/  ___)| |_)| | | | | || (_| |  ) ) ) )
  '  |____| .__|_| |_|_| |_\__, | / / / /
 =========|_|==============|___/=/_/_/_/

 :: Spring Boot ::                (v4.1.0)

2026-09-16T23:51:47.228+05:30  INFO 39504 --- [payment] [  restartedMain] com.example.payment.PaymentApplication   : Starting PaymentApplication using Java 17.0.12 with PID 39504 (C:\Users\monis\Projects\microservices\payment\target\classes started by monis in C:\Users\monis\Projects\microservices\payment)
2026-09-16T23:51:47.238+05:30  INFO 39504 --- [payment] [  restartedMain] com.example.payment.PaymentApplication   : No active profile set, falling back to 1 default profile: "default"
2026-09-16T23:51:47.484+05:30  INFO 39504 --- [payment] [  restartedMain] .e.DevToolsPropertyDefaultsPostProcessor : Devtools property defaults active! Set 'spring.devtools.add-properties' to 'false' to disable
2026-09-16T23:51:47.484+05:30  INFO 39504 --- [payment] [  restartedMain] .e.DevToolsPropertyDefaultsPostProcessor : For additional web related logging consider setting the 'logging.level.web' property to 'DEBUG'
2026-09-16T23:51:54.299+05:30  INFO 39504 --- [payment] [  restartedMain] .s.d.r.c.RepositoryConfigurationDelegate : Bootstrapping Spring Data JPA repositories in DEFAULT mode.
2026-09-16T23:51:55.752+05:30  INFO 39504 --- [payment] [  restartedMain] .s.d.r.c.RepositoryConfigurationDelegate : Finished Spring Data repository scanning in 1410 ms. Found 1 JPA repository interface.
2026-09-16T23:51:58.421+05:30  INFO 39504 --- [payment] [  restartedMain] o.s.cloud.context.scope.GenericScope     : BeanFactory id=76daff9f-0825-3730-9d09-913bb28a5386
2026-09-16T23:52:04.292+05:30  INFO 39504 --- [payment] [  restartedMain] o.s.boot.tomcat.TomcatWebServer          : Tomcat initialized with port 8084 (http)
2026-09-16T23:52:04.374+05:30  INFO 39504 --- [payment] [  restartedMain] o.apache.catalina.core.StandardService   : Starting service [Tomcat]
2026-09-16T23:52:04.393+05:30  INFO 39504 --- [payment] [  restartedMain] o.apache.catalina.core.StandardEngine    : Starting Servlet engine: [Apache Tomcat/11.0.22]
2026-09-16T23:52:05.207+05:30  INFO 39504 --- [payment] [  restartedMain] b.w.c.s.WebApplicationContextInitializer : Root WebApplicationContext: initialization completed in 17719 ms
2026-09-16T23:52:08.393+05:30  INFO 39504 --- [payment] [  restartedMain] org.hibernate.orm.jpa                    : HHH008540: Processing PersistenceUnitInfo [name: default]
2026-09-16T23:52:08.695+05:30  INFO 39504 --- [payment] [  restartedMain] org.hibernate.orm.core                   : HHH000001: Hibernate ORM core version 7.4.1.Final
2026-09-16T23:52:11.236+05:30  INFO 39504 --- [payment] [  restartedMain] o.s.o.j.p.SpringPersistenceUnitInfo      : No LoadTimeWeaver setup: ignoring JPA class transformer
2026-09-16T23:52:11.439+05:30  INFO 39504 --- [payment] [  restartedMain] com.zaxxer.hikari.HikariDataSource       : HikariPool-1 - Starting...
2026-09-16T23:52:12.083+05:30  INFO 39504 --- [payment] [  restartedMain] com.zaxxer.hikari.pool.HikariPool        : HikariPool-1 - Added connection org.postgresql.jdbc.PgConnection@235877f0
2026-09-16T23:52:12.087+05:30  INFO 39504 --- [payment] [  restartedMain] com.zaxxer.hikari.HikariDataSource       : HikariPool-1 - Start completed.
2026-09-16T23:52:12.434+05:30  INFO 39504 --- [payment] [  restartedMain] org.hibernate.orm.connections.pooling    : HHH10001005: Database info:
	Database JDBC URL [jdbc:postgresql://localhost:5432/payment-db]
	Database driver: PostgreSQL JDBC Driver
	Database dialect: PostgreSQLDialect
	Database version: 17.5
	Default catalog/schema: payment-db/public
	Autocommit mode: undefined/unknown
	Isolation level: READ_COMMITTED [default READ_COMMITTED]
	JDBC fetch size: none
	Pool: DataSourceConnectionProvider
	Minimum pool size: undefined/unknown
	Maximum pool size: undefined/unknown
2026-09-16T23:52:19.011+05:30  INFO 39504 --- [payment] [  restartedMain] org.hibernate.orm.core                   : HHH000489: No JTA platform available (set 'hibernate.transaction.jta.platform' to enable JTA platform integration)
2026-09-16T23:52:19.361+05:30  INFO 39504 --- [payment] [  restartedMain] j.LocalContainerEntityManagerFactoryBean : Initialized JPA EntityManagerFactory for persistence unit 'default'
2026-09-16T23:52:19.871+05:30  INFO 39504 --- [payment] [  restartedMain] o.s.d.j.r.query.QueryEnhancerFactories   : Hibernate is in classpath; If applicable, HQL parser will be used.
2026-09-16T23:52:22.411+05:30  WARN 39504 --- [payment] [  restartedMain] JpaBaseConfiguration$JpaWebConfiguration : spring.jpa.open-in-view is enabled by default. Therefore, database queries may be performed during view rendering. Explicitly configure spring.jpa.open-in-view to disable this warning
2026-09-16T23:52:24.719+05:30  INFO 39504 --- [payment] [  restartedMain] o.s.c.openfeign.FeignClientFactoryBean   : For 'user-service' URL not provided. Will try picking an instance via load-balancing.
2026-09-16T23:52:27.986+05:30  INFO 39504 --- [payment] [  restartedMain] DiscoveryClientOptionalArgsConfiguration : Eureka HTTP Client uses RestClient.
2026-09-16T23:52:28.078+05:30  WARN 39504 --- [payment] [  restartedMain] iguration$LoadBalancerCaffeineWarnLogger : Spring Cloud LoadBalancer is currently working with the default cache. While this cache implementation is useful for development and tests, it's recommended to use Caffeine cache in production.You can switch to using Caffeine cache, by adding it and org.springframework.cache.caffeine.CaffeineCacheManager to the classpath.
2026-09-16T23:52:28.199+05:30  INFO 39504 --- [payment] [  restartedMain] o.s.c.n.eureka.InstanceInfoFactory       : Setting initial instance status as: STARTING
2026-09-16T23:52:28.371+05:30  INFO 39504 --- [payment] [  restartedMain] com.netflix.discovery.DiscoveryClient    : Initializing Eureka in region us-east-1
2026-09-16T23:52:28.390+05:30  INFO 39504 --- [payment] [  restartedMain] c.n.d.s.r.aws.ConfigClusterResolver      : Resolving eureka endpoints via configuration
2026-09-16T23:52:28.484+05:30  INFO 39504 --- [payment] [  restartedMain] com.netflix.discovery.DiscoveryClient    : Disable delta property : false
2026-09-16T23:52:28.486+05:30  INFO 39504 --- [payment] [  restartedMain] com.netflix.discovery.DiscoveryClient    : Single vip registry refresh property : null
2026-09-16T23:52:28.486+05:30  INFO 39504 --- [payment] [  restartedMain] com.netflix.discovery.DiscoveryClient    : Force full registry fetch : false
2026-09-16T23:52:28.486+05:30  INFO 39504 --- [payment] [  restartedMain] com.netflix.discovery.DiscoveryClient    : Application is null : false
2026-09-16T23:52:28.486+05:30  INFO 39504 --- [payment] [  restartedMain] com.netflix.discovery.DiscoveryClient    : Registered Applications size is zero : true
2026-09-16T23:52:28.486+05:30  INFO 39504 --- [payment] [  restartedMain] com.netflix.discovery.DiscoveryClient    : Application version is -1: true
2026-09-16T23:52:28.486+05:30  INFO 39504 --- [payment] [  restartedMain] com.netflix.discovery.DiscoveryClient    : Getting all instance registry info from the eureka server
2026-09-16T23:52:30.242+05:30  INFO 39504 --- [payment] [  restartedMain] com.netflix.discovery.DiscoveryClient    : The response status is 200
2026-09-16T23:52:30.250+05:30  INFO 39504 --- [payment] [  restartedMain] com.netflix.discovery.DiscoveryClient    : Starting heartbeat executor: renew interval is: 30
2026-09-16T23:52:30.257+05:30  INFO 39504 --- [payment] [  restartedMain] c.n.discovery.InstanceInfoReplicator     : InstanceInfoReplicator onDemand update allowed rate per min is 4
2026-09-16T23:52:30.261+05:30  INFO 39504 --- [payment] [  restartedMain] com.netflix.discovery.DiscoveryClient    : Discovery Client initialized at timestamp 1789582950260 with initial instances count: 2
2026-09-16T23:52:30.287+05:30  INFO 39504 --- [payment] [  restartedMain] o.s.c.n.e.s.EurekaServiceRegistry        : Registering application PAYMENT with eureka with status UP
2026-09-16T23:52:30.288+05:30  INFO 39504 --- [payment] [  restartedMain] com.netflix.discovery.DiscoveryClient    : Saw local status change event StatusChangeEvent [timestamp=1789582950288, current=UP, previous=STARTING]
2026-09-16T23:52:30.302+05:30  INFO 39504 --- [payment] [foReplicator-%d] com.netflix.discovery.DiscoveryClient    : DiscoveryClient_PAYMENT/saumya:payment:8084: registering service...
2026-09-16T23:52:30.372+05:30  INFO 39504 --- [payment] [  restartedMain] o.s.c.n.e.s.EurekaServiceRegistry        : Unregistering application PAYMENT with eureka with status DOWN
2026-09-16T23:52:30.374+05:30  INFO 39504 --- [payment] [  restartedMain] com.netflix.discovery.DiscoveryClient    : Saw local status change event StatusChangeEvent [timestamp=1789582950374, current=DOWN, previous=UP]
2026-09-16T23:52:30.400+05:30  WARN 39504 --- [payment] [  restartedMain] ConfigServletWebServerApplicationContext : Exception encountered during context initialization - cancelling refresh attempt: org.springframework.context.ApplicationContextException: Failed to start bean 'webServerStartStop'
2026-09-16T23:52:30.430+05:30  INFO 39504 --- [payment] [  restartedMain] j.LocalContainerEntityManagerFactoryBean : Closing JPA EntityManagerFactory for persistence unit 'default'
2026-09-16T23:52:30.445+05:30  INFO 39504 --- [payment] [  restartedMain] com.zaxxer.hikari.HikariDataSource       : HikariPool-1 - Shutdown initiated...
2026-09-16T23:52:30.505+05:30  INFO 39504 --- [payment] [  restartedMain] com.zaxxer.hikari.HikariDataSource       : HikariPool-1 - Shutdown completed.
2026-09-16T23:52:30.507+05:30  INFO 39504 --- [payment] [  restartedMain] com.netflix.discovery.DiscoveryClient    : Shutting down DiscoveryClient ...
2026-09-16T23:52:30.520+05:30  INFO 39504 --- [payment] [foReplicator-%d] com.netflix.discovery.DiscoveryClient    : DiscoveryClient_PAYMENT/saumya:payment:8084 - registration status: 204
2026-09-16T23:52:30.521+05:30  INFO 39504 --- [payment] [foReplicator-%d] com.netflix.discovery.DiscoveryClient    : DiscoveryClient_PAYMENT/saumya:payment:8084: registering service...
2026-09-16T23:52:30.616+05:30  INFO 39504 --- [payment] [foReplicator-%d] com.netflix.discovery.DiscoveryClient    : DiscoveryClient_PAYMENT/saumya:payment:8084 - registration status: 204
2026-09-16T23:52:30.617+05:30  INFO 39504 --- [payment] [  restartedMain] com.netflix.discovery.DiscoveryClient    : Unregistering ...
2026-09-16T23:52:30.789+05:30  INFO 39504 --- [payment] [  restartedMain] com.netflix.discovery.DiscoveryClient    : DiscoveryClient_PAYMENT/saumya:payment:8084 - deregister  status: 200
2026-09-16T23:52:30.790+05:30  INFO 39504 --- [payment] [  restartedMain] com.netflix.discovery.DiscoveryClient    : Completed shut down of DiscoveryClient
2026-09-16T23:52:30.835+05:30  INFO 39504 --- [payment] [  restartedMain] .s.b.a.l.ConditionEvaluationReportLogger : 

Error starting ApplicationContext. To display the condition evaluation report re-run your application with 'debug' enabled.
2026-09-16T23:52:30.929+05:30 ERROR 39504 --- [payment] [  restartedMain] o.s.b.d.LoggingFailureAnalysisReporter   : 

***************************
APPLICATION FAILED TO START
***************************

Description:

Web server failed to start. Port 8084 was already in use.

Action:

Identify and stop the process that's listening on port 8084 or configure this application to listen on another port.

[INFO] ------------------------------------------------------------------------
[INFO] BUILD SUCCESS
[INFO] ------------------------------------------------------------------------
[INFO] Total time:  01:44 min
[INFO] Finished at: 2026-09-16T23:52:31+05:30
[INFO] ------------------------------------------------------------------------
